// Jest Snapshot v1, https://goo.gl/fbAQLP

exports[`Should have prefixed interface name 1`] = `
"// This file is automatically generated.
// Please do not change this file!
interface ICssExports {
  'hyphened-classname': string;
  'otherClass': string;
  'someClass': string;
  'underscored_classname': string;
  'validClass': string;
}
declare const cssExports: ICssExports;
export = cssExports;
"
`;
