// Jest Snapshot v1, https://goo.gl/fbAQLP

exports[`Can emit valid declaration 1`] = `
"// This file is automatically generated.
// Please do not change this file!
export const otherClass: string;
export const someClass: string;
export const validClass: string;
"
`;
