// Jest Snapshot v1, https://goo.gl/fbAQLP

exports[`Can emit valid declaration without classes 1`] = `
"// This file is automatically generated.
// Please do not change this file!
interface CssExports {

}
declare var cssExports: CssExports;
export = cssExports;
"
`;
