// Jest Snapshot v1, https://goo.gl/fbAQLP

exports[`Can error on invalid declaration 1`] = `
"Error: Generated type declaration file is outdated. Run webpack and commit the updated type declaration for '/test/verify-invalid-declaration/index.css.d.ts'

   // This file is automatically generated.
   // Please do not change this file!
   interface CssExports {
 -   'classInBothFiles': string;
 -   'classInTypeScriptFile': string;
 +   readonly 'classInBothFiles': string;
 +   readonly 'classInCssFile': string;
   }
   export const cssExports: CssExports;
   export default cssExports;
   

"
`;
